<html>
<body>
<pre>
<h1>µVision Build Log</h1>
<h2>Tool Versions:</h2>
IDE-Version: ¦ÌVision V5.14.0.0
Copyright (C) 2015 ARM Ltd and ARM Germany GmbH. All rights reserved.
License Information: ss 1447549515@qq.com, z, LIC=MPPLD-85VDH-01XP1-CKT0U-UUXXE-CS4HT
 
Tool Versions:
Toolchain:       MDK-ARM Standard  Version: 5.14.0.0
Toolchain Path:  D:\Program Files\Keil5\ARM\ARMCC\Bin
C Compiler:      Armcc.exe V5.05 update 1 (build 106)
Assembler:       Armasm.exe V5.05 update 1 (build 106)
Linker/Locator:  ArmLink.exe V5.05 update 1 (build 106)
Library Manager: ArmAr.exe V5.05 update 1 (build 106)
Hex Converter:   FromElf.exe V5.05 update 1 (build 106)
CPU DLL:         SARMCM3.DLL V5.14.0.0
Dialog DLL:      DCM.DLL V1.13.1.0
Target DLL:      CMSIS_AGDI.dll V1.21.0.0
Dialog DLL:      TCM.DLL V1.14.4.0
 
<h2>Project:</h2>
D:\Document\VScode\DifferentialProtection\MDK-ARM\DifferentialProtection.uvprojx
Project File Date:  02/19/2022

<h2>Output:</h2>
*** Note: Rebuilding project, since 'Options->Output->Create Batch File' is selected.
Rebuild target 'DifferentialProtection'
assembling startup_stm32f103xe.s...
compiling main.c...
../Core/Inc/typedef.h(31): warning:  #1-D: last line of file ends without a newline
  #endif /*__TYPEDEF_H__ */
../Core/Src/main.c: 1 warning, 0 errors
compiling gpio.c...
compiling can.c...
compiling spi.c...
compiling tim.c...
../Core/Inc/typedef.h(31): warning:  #1-D: last line of file ends without a newline
  #endif /*__TYPEDEF_H__ */
../Core/Src/tim.c: 1 warning, 0 errors
compiling usart.c...
../Core/Inc/typedef.h(31): warning:  #1-D: last line of file ends without a newline
  #endif /*__TYPEDEF_H__ */
../Core/Src/usart.c(253): warning:  #177-D: variable "tmp_Recv" was declared but never referenced
      uint8_t tmp_Recv = usart1_rx_buffer[0];
../Core/Src/usart.c(258): warning:  #177-D: variable "tmp_Recv" was declared but never referenced
      uint8_t tmp_Recv = usart2_rx_buffer[0];
../Core/Src/usart.c: 3 warnings, 0 errors
compiling stm32f1xx_it.c...
../Core/Inc/typedef.h(31): warning:  #1-D: last line of file ends without a newline
  #endif /*__TYPEDEF_H__ */
../Core/Src/stm32f1xx_it.c(258): warning:  #177-D: variable "tmp_Recv" was declared but never referenced
    uint8_t tmp_Recv = usart1_rx_buffer[0];
../Core/Src/stm32f1xx_it.c: 2 warnings, 0 errors
compiling stm32f1xx_hal_msp.c...
compiling stm32f1xx_hal_gpio_ex.c...
compiling stm32f1xx_hal_can.c...
compiling stm32f1xx_hal.c...
compiling stm32f1xx_hal_rcc.c...
compiling stm32f1xx_hal_rcc_ex.c...
compiling stm32f1xx_hal_gpio.c...
compiling stm32f1xx_hal_dma.c...
compiling stm32f1xx_hal_cortex.c...
compiling stm32f1xx_hal_pwr.c...
compiling stm32f1xx_hal_flash.c...
compiling stm32f1xx_hal_flash_ex.c...
compiling stm32f1xx_hal_exti.c...
compiling stm32f1xx_hal_spi.c...
compiling stm32f1xx_hal_tim.c...
compiling stm32f1xx_hal_tim_ex.c...
compiling stm32f1xx_hal_uart.c...
compiling system_stm32f1xx.c...
linking...
Program Size: Code=7972 RO-data=360 RW-data=24 ZI-data=1968  
FromELF: creating hex file...
"DifferentialProtection\DifferentialProtection.axf" - 0 Error(s), 7 Warning(s).

<h2>Software Packages used:</h2>

Package Vendor: ARM
                http://www.keil.com/pack/ARM.CMSIS.4.2.0.pack
                ARM::CMSIS:CORE:3.40.0
                CMSIS (Cortex Microcontroller Software Interface Standard)
   * Component: CORE Version: 3.40.0

<h2>Collection of Component include folders:</h2>
  D:\Document\VScode\DifferentialProtection\MDK-ARM\RTE
  D:\Program Files\Keil5\ARM\PACK\ARM\CMSIS\4.2.0\CMSIS\Include
  D:\Program Files\Keil5\ARM\PACK\Keil\STM32F1xx_DFP\1.0.5\Device\Include

<h2>Collection of Component Files used:</h2>

   * Component: ARM::CMSIS:CORE:3.40.0
      Source file:   CMSIS\UserCodeTemplates\ARM\ITM_Retarget.c
</pre>
</body>
</html>
